// Jest Snapshot v1, https://goo.gl/fbAQLP

exports[`Listitem it renders "Listitem" 1`] = `
<div
  className="list-item"
>
  <div>
    <div
      className="svg-container"
      onClick={[Function]}
    >
      <div
        id="mock-Checkmark"
      >
        Checkmark
      </div>
    </div>
    <div
      className="svg-container"
      onClick={[Function]}
    >
      <div
        id="mock-Xmark"
      >
        Xmark
      </div>
    </div>
    <div
      className="message text-box"
      onClick={[Function]}
    >
      test value
    </div>
  </div>
</div>
`;
