// Jest Snapshot v1, https://goo.gl/fbAQLP

exports[`Edititem it renders "Edititem" 1`] = `
<form
  className="edit-item"
  onSubmit={[Function]}
>
  <div
    className="svg-container"
    onClick={[Function]}
  >
    <div
      id="mock-Plus"
    >
      Plus
    </div>
  </div>
  <input
    autoFocus={true}
    className="text-box"
    onBlur={[Function]}
  />
</form>
`;
